00:00 +0: loading /Users/phiraphatnoiphu/Documents/OFM-CI/chatwoot-flutter-sdk/test/chatwoot_client_test.dart                                                                                          00:01 +0: loading /Users/phiraphatnoiphu/Documents/OFM-CI/chatwoot-flutter-sdk/test/chatwoot_client_test.dart                                                                                          test/chatwoot_client_test.dart:46:18: Error: The method 'overrideWithProvider' isn't defined for the type 'ProviderFamily<LocalStorage, ChatwootParameters>'.
 - 'ProviderFamily' is from 'package:riverpod/src/providers/provider.dart' ('../../../.pub-cache/hosted/pub.dev/riverpod-3.2.1/lib/src/providers/provider.dart').
 - 'LocalStorage' is from 'package:chatwoot_sdk/data/local/local_storage.dart' ('lib/data/local/local_storage.dart').
 - 'ChatwootParameters' is from 'package:chatwoot_sdk/chatwoot_parameters.dart' ('lib/chatwoot_parameters.dart').
Try correcting the name to the name of an existing method, or defining a method named 'overrideWithProvider'.
                .overrideWithProvider(mockLocalStorageProvider),
                 ^^^^^^^^^^^^^^^^^^^^
test/chatwoot_client_test.dart:48:18: Error: The method 'overrideWithProvider' isn't defined for the type 'ProviderFamily<ChatwootRepository, RepositoryParameters>'.
 - 'ProviderFamily' is from 'package:riverpod/src/providers/provider.dart' ('../../../.pub-cache/hosted/pub.dev/riverpod-3.2.1/lib/src/providers/provider.dart').
 - 'ChatwootRepository' is from 'package:chatwoot_sdk/data/chatwoot_repository.dart' ('lib/data/chatwoot_repository.dart').
 - 'RepositoryParameters' is from 'package:chatwoot_sdk/repository_parameters.dart' ('lib/repository_parameters.dart').
Try correcting the name to the name of an existing method, or defining a method named 'overrideWithProvider'.
                .overrideWithProvider(mockRepositoryProvider)
                 ^^^^^^^^^^^^^^^^^^^^
00:01 +0 -1: loading /Users/phiraphatnoiphu/Documents/OFM-CI/chatwoot-flutter-sdk/test/chatwoot_client_test.dart [E]                                                                                   
  Failed to load "/Users/phiraphatnoiphu/Documents/OFM-CI/chatwoot-flutter-sdk/test/chatwoot_client_test.dart":
  Compilation failed for testPath=/Users/phiraphatnoiphu/Documents/OFM-CI/chatwoot-flutter-sdk/test/chatwoot_client_test.dart: test/chatwoot_client_test.dart:46:18: Error: The method 'overrideWithProvider' isn't defined for the type 'ProviderFamily<LocalStorage, ChatwootParameters>'.
   - 'ProviderFamily' is from 'package:riverpod/src/providers/provider.dart' ('../../../.pub-cache/hosted/pub.dev/riverpod-3.2.1/lib/src/providers/provider.dart').
   - 'LocalStorage' is from 'package:chatwoot_sdk/data/local/local_storage.dart' ('lib/data/local/local_storage.dart').
   - 'ChatwootParameters' is from 'package:chatwoot_sdk/chatwoot_parameters.dart' ('lib/chatwoot_parameters.dart').
  Try correcting the name to the name of an existing method, or defining a method named 'overrideWithProvider'.
                  .overrideWithProvider(mockLocalStorageProvider),
                   ^^^^^^^^^^^^^^^^^^^^
  test/chatwoot_client_test.dart:48:18: Error: The method 'overrideWithProvider' isn't defined for the type 'ProviderFamily<ChatwootRepository, RepositoryParameters>'.
   - 'ProviderFamily' is from 'package:riverpod/src/providers/provider.dart' ('../../../.pub-cache/hosted/pub.dev/riverpod-3.2.1/lib/src/providers/provider.dart').
   - 'ChatwootRepository' is from 'package:chatwoot_sdk/data/chatwoot_repository.dart' ('lib/data/chatwoot_repository.dart').
   - 'RepositoryParameters' is from 'package:chatwoot_sdk/repository_parameters.dart' ('lib/repository_parameters.dart').
  Try correcting the name to the name of an existing method, or defining a method named 'overrideWithProvider'.
                  .overrideWithProvider(mockRepositoryProvider)
                   ^^^^^^^^^^^^^^^^^^^^
  .

To run this test again: /Library/Flutter/bin/cache/dart-sdk/bin/dart test /Users/phiraphatnoiphu/Documents/OFM-CI/chatwoot-flutter-sdk/test/chatwoot_client_test.dart -p vm --plain-name 'loading /Users/phiraphatnoiphu/Documents/OFM-CI/chatwoot-flutter-sdk/test/chatwoot_client_test.dart'
  Error: The Dart compiler exited unexpectedly.
  package:flutter_tools/src/base/common.dart 34:3  throwToolExit
  package:flutter_tools/src/compile.dart 911:11    DefaultResidentCompiler._compile.<fn>
  dart:async/zone.dart 1538:47                     _rootRunUnary
  dart:async/zone.dart 1429:19                     _CustomZone.runUnary
  dart:async/future_impl.dart 948:45               Future._propagateToListeners.handleValueCallback
  dart:async/future_impl.dart 977:13               Future._propagateToListeners
  dart:async/future_impl.dart 862:9                Future._propagateToListeners
  dart:async/future_impl.dart 720:5                Future._completeWithValue
  dart:async/future_impl.dart 804:7                Future._asyncCompleteWithValue.<fn>
  dart:async/zone.dart 1525:13                     _rootRun
  dart:async/zone.dart 1422:19                     _CustomZone.run
  dart:async/zone.dart 1321:7                      _CustomZone.runGuarded
  dart:async/zone.dart 1362:23                     _CustomZone.bindCallbackGuarded.<fn>
  dart:async/schedule_microtask.dart 40:35         _microtaskLoop
  dart:async/schedule_microtask.dart 49:5          _startMicrotaskLoop
  dart:isolate-patch/isolate_patch.dart 127:13     _runPendingImmediateCallback
  dart:isolate-patch/isolate_patch.dart 194:5      _RawReceivePort._handleMessage
  
00:03 +0 -1: loading /Users/phiraphatnoiphu/Documents/OFM-CI/chatwoot-flutter-sdk/test/chatwoot_sdk_test.dart                                                                                          00:03 +0 -1: /Users/phiraphatnoiphu/Documents/OFM-CI/chatwoot-flutter-sdk/test/chatwoot_sdk_test.dart: adds one to input values                                                                        00:03 +1 -1: /Users/phiraphatnoiphu/Documents/OFM-CI/chatwoot-flutter-sdk/test/di/modules_test.dart: Modules Test (setUpAll)                                                                           00:03 +1 -1: /Users/phiraphatnoiphu/Documents/OFM-CI/chatwoot-flutter-sdk/test/di/modules_test.dart: ... when a read unauthenticatedDioProvider is called, then instance should be constructed properly00:03 +2 -1: /Users/phiraphatnoiphu/Documents/OFM-CI/chatwoot-flutter-sdk/test/di/modules_test.dart: ... when a read unauthenticatedDioProvider is called, then instance should be constructed properly00:03 +2 -1: /Users/phiraphatnoiphu/Documents/OFM-CI/chatwoot-flutter-sdk/test/di/modules_test.dart: ... read chatwootClientAuthServiceProvider is called, then instance should be constructed properly00:03 +3 -1: /Users/phiraphatnoiphu/Documents/OFM-CI/chatwoot-flutter-sdk/test/di/modules_test.dart: ... read chatwootClientAuthServiceProvider is called, then instance should be constructed properly00:03 +3 -1: /Users/phiraphatnoiphu/Documents/OFM-CI/chatwoot-flutter-sdk/test/di/modules_test.dart: ... when a read authenticatedDioProvider is called, then instance should be constructed properly  00:03 +4 -1: /Users/phiraphatnoiphu/Documents/OFM-CI/chatwoot-flutter-sdk/test/di/modules_test.dart: ... when a read authenticatedDioProvider is called, then instance should be constructed properly  00:03 +4 -1: /Users/phiraphatnoiphu/Documents/OFM-CI/chatwoot-flutter-sdk/test/di/modules_test.dart: ... is called with persistence enabled, then return instance of PersistedChatwootContactDao       00:03 +5 -1: /Users/phiraphatnoiphu/Documents/OFM-CI/chatwoot-flutter-sdk/test/di/modules_test.dart: ... is called with persistence enabled, then return instance of PersistedChatwootContactDao       00:03 +6 -1: /Users/phiraphatnoiphu/Documents/OFM-CI/chatwoot-flutter-sdk/test/di/modules_test.dart: ... is called with persistence enabled, then return instance of PersistedChatwootContactDao       00:03 +6 -1: /Users/phiraphatnoiphu/Documents/OFM-CI/chatwoot-flutter-sdk/test/di/modules_test.dart: ... is called with persistence enabled, then return instance of PersistedChatwootContactDao       00:03 +7 -1: /Users/phiraphatnoiphu/Documents/OFM-CI/chatwoot-flutter-sdk/test/di/modules_test.dart: ... is called with persistence enabled, then return instance of PersistedChatwootContactDao       00:03 +8 -1: /Users/phiraphatnoiphu/Documents/OFM-CI/chatwoot-flutter-sdk/test/di/modules_test.dart: ... is called with persistence enabled, then return instance of PersistedChatwootContactDao       00:03 +8 -1: /Users/phiraphatnoiphu/Documents/OFM-CI/chatwoot-flutter-sdk/test/di/modules_test.dart: ... is called with persistence enabled, then return instance of PersistedChatwootContactDao       00:03 +9 -1: /Users/phiraphatnoiphu/Documents/OFM-CI/chatwoot-flutter-sdk/test/di/modules_test.dart: ... is called with persistence enabled, then return instance of PersistedChatwootContactDao       00:04 +9 -1: /Users/phiraphatnoiphu/Documents/OFM-CI/chatwoot-flutter-sdk/test/di/modules_test.dart: ... is called with persistence enabled, then return instance of PersistedChatwootContactDao       00:04 +10 -1: /Users/phiraphatnoiphu/Documents/OFM-CI/chatwoot-flutter-sdk/test/di/modules_test.dart: ... is called with persistence enabled, then return instance of PersistedChatwootContactDao      00:04 +10 -1: /Users/phiraphatnoiphu/Documents/OFM-CI/chatwoot-flutter-sdk/test/di/modules_test.dart: ... is called with persistence enabled, then return instance of PersistedChatwootContactDao      00:04 +11 -1: /Users/phiraphatnoiphu/Documents/OFM-CI/chatwoot-flutter-sdk/test/di/modules_test.dart: ... is called with persistence enabled, then return instance of PersistedChatwootContactDao      00:04 +12 -1: /Users/phiraphatnoiphu/Documents/OFM-CI/chatwoot-flutter-sdk/test/di/modules_test.dart: ... is called with persistence enabled, then return instance of PersistedChatwootContactDao      00:04 +12 -1: /Users/phiraphatnoiphu/Documents/OFM-CI/chatwoot-flutter-sdk/test/di/modules_test.dart: Modules Test (tearDownAll)                                                                       00:04 +12 -1: loading /Users/phiraphatnoiphu/Documents/OFM-CI/chatwoot-flutter-sdk/test/data/local/local_storage_test.dart                                                                             00:04 +12 -1: /Users/phiraphatnoiphu/Documents/OFM-CI/chatwoot-flutter-sdk/test/data/local/local_storage_test.dart: Local Storage Tests (setUpAll)                                                     00:04 +12 -1: /Users/phiraphatnoiphu/Documents/OFM-CI/chatwoot-flutter-sdk/test/data/local/local_storage_test.dart: ... successfully opened when openDB is called, then all hive boxes should be open  00:04 +13 -1: /Users/phiraphatnoiphu/Documents/OFM-CI/chatwoot-flutter-sdk/test/data/local/dao/persisted_chatwoot_users_dao_test.dart: ... when deleteUser is called, then getUser should return null  00:04 +14 -2: /Users/phiraphatnoiphu/Documents/OFM-CI/chatwoot-flutter-sdk/test/data/local/local_storage_test.dart: ... is successfully cleared when clear is called, then daos should be cleared      00:04 +14 -2: /Users/phiraphatnoiphu/Documents/OFM-CI/chatwoot-flutter-sdk/test/data/local/local_storage_test.dart: ... except user db when clear is called, then daos should be cleared except user db00:04 +15 -2: /Users/phiraphatnoiphu/Documents/OFM-CI/chatwoot-flutter-sdk/test/data/local/local_storage_test.dart: ... except user db when clear is called, then daos should be cleared except user db00:04 +15 -2: /Users/phiraphatnoiphu/Documents/OFM-CI/chatwoot-flutter-sdk/test/data/local/local_storage_test.dart: ... cleared when clearAll is called, then all data daos should be cleared          00:04 +16 -2: /Users/phiraphatnoiphu/Documents/OFM-CI/chatwoot-flutter-sdk/test/data/local/local_storage_test.dart: ... cleared when clearAll is called, then all data daos should be cleared          00:04 +16 -2: /Users/phiraphatnoiphu/Documents/OFM-CI/chatwoot-flutter-sdk/test/data/local/local_storage_test.dart: ... successfully disposed when dispose is called, then all daos should be disposed 00:04 +17 -2: /Users/phiraphatnoiphu/Documents/OFM-CI/chatwoot-flutter-sdk/test/data/local/local_storage_test.dart: ... successfully disposed when dispose is called, then all daos should be disposed 00:04 +17 -2: /Users/phiraphatnoiphu/Documents/OFM-CI/chatwoot-flutter-sdk/test/data/local/local_storage_test.dart: Local Storage Tests (tearDownAll)                                                  00:04 +17 -2: /Users/phiraphatnoiphu/Documents/OFM-CI/chatwoot-flutter-sdk/test/data/local/dao/persisted_chatwoot_users_dao_test.dart: Persisted Chatwoot User Dao Tests Given user is successfully deleted when deleteUser is called, then getUser should return null [E]
  FileSystemException: lock failed, path = '/Users/phiraphatnoiphu/Documents/OFM-CI/chatwoot-flutter-sdk/test/hive_testing_path/chatwootuserboxnames.users.lock' (OS Error: Resource temporarily unavailable, errno = 35)
  dart:io                                                           _RandomAccessFile.lock
  package:hive/src/backend/vm/storage_backend_vm.dart 81:19         StorageBackendVm.initialize
  ===== asynchronous gap ===========================
  dart:async                                                        _CustomZone.registerUnaryCallback
  package:hive/src/backend/vm/storage_backend_vm.dart 80:15         StorageBackendVm.initialize
  package:hive/src/box/box_base_impl.dart 94:20                     BoxBaseImpl.initialize
  package:hive/src/hive_impl.dart 111:22                            HiveImpl._openBox
  ===== asynchronous gap ===========================
  dart:async                                                        _CustomZone.registerUnaryCallback
  package:hive/src/hive_impl.dart 101:21                            HiveImpl._openBox
  package:hive/src/hive_impl.dart 142:18                            HiveImpl.openBox
  test/data/local/dao/persisted_chatwoot_users_dao_test.dart 34:34  main.<fn>.<fn>.<fn>
  ===== asynchronous gap ===========================
  dart:async                                                        new Future
  test/data/local/dao/persisted_chatwoot_users_dao_test.dart 33:14  main.<fn>.<fn>
  
  FileSystemException: lock failed, path = '/Users/phiraphatnoiphu/Documents/OFM-CI/chatwoot-flutter-sdk/test/hive_testing_path/chatwootuserboxnames.users.lock' (OS Error: Resource temporarily unavailable, errno = 35)
  dart:io                                                           _RandomAccessFile.lock
  package:hive/src/backend/vm/storage_backend_vm.dart 81:19         StorageBackendVm.initialize
  ===== asynchronous gap ===========================
  dart:async                                                        _CustomZone.registerUnaryCallback
  package:hive/src/backend/vm/storage_backend_vm.dart 80:15         StorageBackendVm.initialize
  package:hive/src/box/box_base_impl.dart 94:20                     BoxBaseImpl.initialize
  package:hive/src/hive_impl.dart 111:22                            HiveImpl._openBox
  ===== asynchronous gap ===========================
  dart:async                                                        _CustomZone.registerUnaryCallback
  package:hive/src/hive_impl.dart 101:21                            HiveImpl._openBox
  package:hive/src/hive_impl.dart 142:18                            HiveImpl.openBox
  test/data/local/dao/persisted_chatwoot_users_dao_test.dart 34:34  main.<fn>.<fn>.<fn>
  ===== asynchronous gap ===========================
  dart:async                                                        new Future
  test/data/local/dao/persisted_chatwoot_users_dao_test.dart 33:14  main.<fn>.<fn>
  
  LateInitializationError: Local 'mockUserBox' has not been initialized.
  dart:_internal                                                    LateError._throwLocalNotInitialized
  test/data/local/dao/persisted_chatwoot_users_dao_test.dart        main.<fn>.<fn>.<fn>
  ===== asynchronous gap ===========================
  dart:async                                                        new Future
  test/data/local/dao/persisted_chatwoot_users_dao_test.dart 93:14  main.<fn>.<fn>
  

To run this test again: /Library/Flutter/bin/cache/dart-sdk/bin/dart test /Users/phiraphatnoiphu/Documents/OFM-CI/chatwoot-flutter-sdk/test/data/local/dao/persisted_chatwoot_users_dao_test.dart -p vm --plain-name 'Persisted Chatwoot User Dao Tests Given user is successfully deleted when deleteUser is called, then getUser should return null'
00:04 +17 -2: /Users/phiraphatnoiphu/Documents/OFM-CI/chatwoot-flutter-sdk/test/data/local/dao/persisted_chatwoot_users_dao_test.dart: ... saveUser is called, then getUser should return saved user   00:04 +17 -2: /Users/phiraphatnoiphu/Documents/OFM-CI/chatwoot-flutter-sdk/test/data/local/dao/persisted_chatwoot_users_dao_test.dart: Persisted Chatwoot User Dao Tests Given user is successfully deleted when deleteUser is called, then getUser should return null [E]
  PathNotFoundException: Cannot delete file, path = '/Users/phiraphatnoiphu/Documents/OFM-CI/chatwoot-flutter-sdk/test/hive_testing_path/chatwootuserboxnames.users.lock' (OS Error: No such file or directory, errno = 2)
  dart:io                                                           FileSystemEntity.delete
  package:hive/src/backend/vm/storage_backend_vm.dart 215:21        StorageBackendVm._closeInternal
  ===== asynchronous gap ===========================
  dart:async                                                        _CustomZone.registerUnaryCallback
  package:hive/src/backend/vm/storage_backend_vm.dart 211:5         StorageBackendVm._closeInternal
  package:hive/src/backend/vm/read_write_sync.dart 40:48            ReadWriteSync.syncReadWrite.<fn>.<fn>
  ===== asynchronous gap ===========================
  dart:async                                                        Future.then
  package:hive/src/backend/vm/read_write_sync.dart 40:32            ReadWriteSync.syncReadWrite.<fn>
  ===== asynchronous gap ===========================
  dart:async                                                        Future.then
  package:hive/src/backend/vm/read_write_sync.dart 39:29            ReadWriteSync.syncReadWrite
  package:hive/src/backend/vm/storage_backend_vm.dart 220:18        StorageBackendVm.close
  package:hive/src/box/box_base_impl.dart 173:19                    BoxBaseImpl.close
  ===== asynchronous gap ===========================
  dart:async                                                        _CustomZone.registerUnaryCallback
  package:hive/src/box/box_base_impl.dart 170:5                     BoxBaseImpl.close
  package:hive/src/hive_impl.dart 117:17                            HiveImpl._openBox
  ===== asynchronous gap ===========================
  dart:async                                                        _CustomZone.registerBinaryCallback
  package:hive/src/hive_impl.dart 101:21                            HiveImpl._openBox
  package:hive/src/hive_impl.dart 142:18                            HiveImpl.openBox
  test/data/local/dao/persisted_chatwoot_users_dao_test.dart 34:34  main.<fn>.<fn>.<fn>
  ===== asynchronous gap ===========================
  dart:async                                                        new Future
  test/data/local/dao/persisted_chatwoot_users_dao_test.dart 33:14  main.<fn>.<fn>
  
00:04 +18 -2: /Users/phiraphatnoiphu/Documents/OFM-CI/chatwoot-flutter-sdk/test/data/local/dao/persisted_chatwoot_users_dao_test.dart: ... saveUser is called, then getUser should return saved user   00:04 +18 -2: /Users/phiraphatnoiphu/Documents/OFM-CI/chatwoot-flutter-sdk/test/data/local/dao/persisted_chatwoot_users_dao_test.dart: ... getUser is called, then retrieved user should not be null   00:04 +19 -2: /Users/phiraphatnoiphu/Documents/OFM-CI/chatwoot-flutter-sdk/test/data/local/dao/persisted_chatwoot_users_dao_test.dart: ... getUser is called, then retrieved user should not be null   00:04 +19 -2: /Users/phiraphatnoiphu/Documents/OFM-CI/chatwoot-flutter-sdk/test/data/local/dao/persisted_chatwoot_users_dao_test.dart: ... clearAll is called, then retrieving a user should be null   00:04 +20 -2: /Users/phiraphatnoiphu/Documents/OFM-CI/chatwoot-flutter-sdk/test/data/local/dao/persisted_chatwoot_users_dao_test.dart: ... clearAll is called, then retrieving a user should be null   00:04 +20 -2: /Users/phiraphatnoiphu/Documents/OFM-CI/chatwoot-flutter-sdk/test/data/local/dao/persisted_chatwoot_users_dao_test.dart: Persisted Chatwoot User Dao Tests (tearDownAll)                 00:04 +20 -2: loading /Users/phiraphatnoiphu/Documents/OFM-CI/chatwoot-flutter-sdk/test/data/local/dao/persisted_chatwoot_contact_dao_test.dart                                                        00:04 +20 -2: /Users/phiraphatnoiphu/Documents/OFM-CI/chatwoot-flutter-sdk/test/data/local/dao/persisted_chatwoot_contact_dao_test.dart: Persisted Chatwoot Contact Dao Tests (setUpAll)               00:04 +20 -2: /Users/phiraphatnoiphu/Documents/OFM-CI/chatwoot-flutter-sdk/test/data/local/dao/persisted_chatwoot_contact_dao_test.dart: ... is called, then getContact should return null             00:05 +20 -2: /Users/phiraphatnoiphu/Documents/OFM-CI/chatwoot-flutter-sdk/test/data/local/dao/persisted_chatwoot_contact_dao_test.dart: ... is called, then getContact should return null             00:05 +21 -2: /Users/phiraphatnoiphu/Documents/OFM-CI/chatwoot-flutter-sdk/test/data/local/dao/persisted_chatwoot_contact_dao_test.dart: ... is called, then getContact should return null             00:05 +21 -2: /Users/phiraphatnoiphu/Documents/OFM-CI/chatwoot-flutter-sdk/test/data/local/dao/persisted_chatwoot_contact_dao_test.dart: ... is called, then getContact should return saved contact    00:05 +22 -2: /Users/phiraphatnoiphu/Documents/OFM-CI/chatwoot-flutter-sdk/test/data/local/dao/persisted_chatwoot_contact_dao_test.dart: ... is called, then getContact should return saved contact    00:05 +22 -2: /Users/phiraphatnoiphu/Documents/OFM-CI/chatwoot-flutter-sdk/test/data/local/dao/persisted_chatwoot_contact_dao_test.dart: ... is called, then retrieved contact should not be null      00:05 +23 -2: /Users/phiraphatnoiphu/Documents/OFM-CI/chatwoot-flutter-sdk/test/data/local/dao/persisted_chatwoot_contact_dao_test.dart: ... is called, then retrieved contact should not be null      00:05 +23 -2: /Users/phiraphatnoiphu/Documents/OFM-CI/chatwoot-flutter-sdk/test/data/local/dao/persisted_chatwoot_contact_dao_test.dart: ... clearAll is called, then retrieved contact should be null 00:05 +24 -2: /Users/phiraphatnoiphu/Documents/OFM-CI/chatwoot-flutter-sdk/test/data/local/dao/persisted_chatwoot_contact_dao_test.dart: ... clearAll is called, then retrieved contact should be null 00:05 +24 -2: /Users/phiraphatnoiphu/Documents/OFM-CI/chatwoot-flutter-sdk/test/data/local/dao/persisted_chatwoot_contact_dao_test.dart: Persisted Chatwoot Contact Dao Tests (tearDownAll)            00:05 +24 -2: loading /Users/phiraphatnoiphu/Documents/OFM-CI/chatwoot-flutter-sdk/test/data/local/dao/non_persisted_chatwoot_contact_dao_test.dart                                                    00:05 +24 -2: /Users/phiraphatnoiphu/Documents/OFM-CI/chatwoot-flutter-sdk/test/data/local/dao/non_persisted_chatwoot_contact_dao_test.dart: Non Persisted Chatwoot Contact Dao Test (setUpAll)        00:05 +24 -2: /Users/phiraphatnoiphu/Documents/OFM-CI/chatwoot-flutter-sdk/test/data/local/dao/non_persisted_chatwoot_contact_dao_test.dart: ... is called, then getContact should return null         00:05 +25 -2: /Users/phiraphatnoiphu/Documents/OFM-CI/chatwoot-flutter-sdk/test/data/local/dao/non_persisted_chatwoot_contact_dao_test.dart: ... is called, then getContact should return null         00:05 +25 -2: /Users/phiraphatnoiphu/Documents/OFM-CI/chatwoot-flutter-sdk/test/data/local/dao/non_persisted_chatwoot_contact_dao_test.dart: ... is called, then getContact should return saved contact00:05 +26 -2: /Users/phiraphatnoiphu/Documents/OFM-CI/chatwoot-flutter-sdk/test/data/local/dao/non_persisted_chatwoot_contact_dao_test.dart: ... is called, then getContact should return saved contact00:05 +26 -2: /Users/phiraphatnoiphu/Documents/OFM-CI/chatwoot-flutter-sdk/test/data/local/dao/non_persisted_chatwoot_contact_dao_test.dart: ... is called, then retrieved contact should not be null  00:05 +27 -2: /Users/phiraphatnoiphu/Documents/OFM-CI/chatwoot-flutter-sdk/test/data/local/dao/non_persisted_chatwoot_contact_dao_test.dart: ... is called, then retrieved contact should not be null  00:05 +27 -2: /Users/phiraphatnoiphu/Documents/OFM-CI/chatwoot-flutter-sdk/test/data/local/dao/non_persisted_chatwoot_contact_dao_test.dart: ... is called, then retrieving a contact should be null   00:05 +28 -2: /Users/phiraphatnoiphu/Documents/OFM-CI/chatwoot-flutter-sdk/test/data/local/dao/non_persisted_chatwoot_contact_dao_test.dart: ... is called, then retrieving a contact should be null   00:05 +28 -2: /Users/phiraphatnoiphu/Documents/OFM-CI/chatwoot-flutter-sdk/test/data/local/dao/non_persisted_chatwoot_contact_dao_test.dart: ... onDispose is called, then saved contact should be null00:05 +29 -2: /Users/phiraphatnoiphu/Documents/OFM-CI/chatwoot-flutter-sdk/test/data/local/dao/non_persisted_chatwoot_contact_dao_test.dart: ... onDispose is called, then saved contact should be null00:05 +29 -2: /Users/phiraphatnoiphu/Documents/OFM-CI/chatwoot-flutter-sdk/test/data/local/dao/non_persisted_chatwoot_contact_dao_test.dart: Non Persisted Chatwoot Contact Dao Test (tearDownAll)     00:05 +29 -2: loading /Users/phiraphatnoiphu/Documents/OFM-CI/chatwoot-flutter-sdk/test/data/local/dao/non_persisted_chatwoot_users_dao_test.dart                                                      00:05 +29 -2: /Users/phiraphatnoiphu/Documents/OFM-CI/chatwoot-flutter-sdk/test/data/local/dao/non_persisted_chatwoot_users_dao_test.dart: ... deleteUser is called, then getUser should return null   00:05 +30 -2: /Users/phiraphatnoiphu/Documents/OFM-CI/chatwoot-flutter-sdk/test/data/local/dao/non_persisted_chatwoot_users_dao_test.dart: ... deleteUser is called, then getUser should return null   00:05 +30 -2: /Users/phiraphatnoiphu/Documents/OFM-CI/chatwoot-flutter-sdk/test/data/local/dao/non_persisted_chatwoot_users_dao_test.dart: ... is called, then getUser should return saved user        00:05 +31 -2: /Users/phiraphatnoiphu/Documents/OFM-CI/chatwoot-flutter-sdk/test/data/local/dao/non_persisted_chatwoot_users_dao_test.dart: ... is called, then getUser should return saved user        00:05 +31 -2: /Users/phiraphatnoiphu/Documents/OFM-CI/chatwoot-flutter-sdk/test/data/local/dao/non_persisted_chatwoot_users_dao_test.dart: ... is called, then retrieved user should not be null       00:05 +32 -2: /Users/phiraphatnoiphu/Documents/OFM-CI/chatwoot-flutter-sdk/test/data/local/dao/non_persisted_chatwoot_users_dao_test.dart: ... is called, then retrieved user should not be null       00:05 +32 -2: /Users/phiraphatnoiphu/Documents/OFM-CI/chatwoot-flutter-sdk/test/data/local/dao/non_persisted_chatwoot_users_dao_test.dart: ... is called, then retrieving a user should be null        00:05 +33 -2: /Users/phiraphatnoiphu/Documents/OFM-CI/chatwoot-flutter-sdk/test/data/local/dao/non_persisted_chatwoot_users_dao_test.dart: ... is called, then retrieving a user should be null        00:05 +33 -2: /Users/phiraphatnoiphu/Documents/OFM-CI/chatwoot-flutter-sdk/test/data/local/dao/non_persisted_chatwoot_users_dao_test.dart: ... when onDispose is called, then saved user should be null00:05 +34 -2: /Users/phiraphatnoiphu/Documents/OFM-CI/chatwoot-flutter-sdk/test/data/local/dao/non_persisted_chatwoot_users_dao_test.dart: ... when onDispose is called, then saved user should be null00:05 +34 -2: loading /Users/phiraphatnoiphu/Documents/OFM-CI/chatwoot-flutter-sdk/test/data/local/dao/non_persisted_chatwoot_messages_dao_test.dart                                                   00:05 +34 -2: /Users/phiraphatnoiphu/Documents/OFM-CI/chatwoot-flutter-sdk/test/data/local/dao/non_persisted_chatwoot_messages_dao_test.dart: Non Persisted Chatwoot Messages Dao Test (setUpAll)      00:05 +34 -2: /Users/phiraphatnoiphu/Documents/OFM-CI/chatwoot-flutter-sdk/test/data/local/dao/non_persisted_chatwoot_messages_dao_test.dart: ... is called, then getMessage should return null        00:05 +35 -2: /Users/phiraphatnoiphu/Documents/OFM-CI/chatwoot-flutter-sdk/test/data/local/dao/non_persisted_chatwoot_messages_dao_test.dart: ... is called, then getMessage should return null        00:05 +35 -2: /Users/phiraphatnoiphu/Documents/OFM-CI/chatwoot-flutter-sdk/test/data/local/dao/non_persisted_chatwoot_messages_dao_test.dart: ... called, then getMessage should return saved message  00:05 +36 -2: /Users/phiraphatnoiphu/Documents/OFM-CI/chatwoot-flutter-sdk/test/data/local/dao/non_persisted_chatwoot_messages_dao_test.dart: ... called, then getMessage should return saved message  00:05 +36 -2: /Users/phiraphatnoiphu/Documents/OFM-CI/chatwoot-flutter-sdk/test/data/local/dao/non_persisted_chatwoot_messages_dao_test.dart: ... called, then getMessages should return saved messages00:05 +37 -2: /Users/phiraphatnoiphu/Documents/OFM-CI/chatwoot-flutter-sdk/test/data/local/dao/non_persisted_chatwoot_messages_dao_test.dart: ... called, then getMessages should return saved messages00:05 +37 -2: /Users/phiraphatnoiphu/Documents/OFM-CI/chatwoot-flutter-sdk/test/data/local/dao/non_persisted_chatwoot_messages_dao_test.dart: ... is called, then retrieved message should not be null 00:05 +38 -2: /Users/phiraphatnoiphu/Documents/OFM-CI/chatwoot-flutter-sdk/test/data/local/dao/non_persisted_chatwoot_messages_dao_test.dart: ... is called, then retrieved message should not be null 00:05 +38 -2: /Users/phiraphatnoiphu/Documents/OFM-CI/chatwoot-flutter-sdk/test/data/local/dao/non_persisted_chatwoot_messages_dao_test.dart: ... called, then retrieved messages should not be empty  00:05 +39 -2: /Users/phiraphatnoiphu/Documents/OFM-CI/chatwoot-flutter-sdk/test/data/local/dao/non_persisted_chatwoot_messages_dao_test.dart: ... called, then retrieved messages should not be empty  00:05 +39 -2: /Users/phiraphatnoiphu/Documents/OFM-CI/chatwoot-flutter-sdk/test/data/local/dao/non_persisted_chatwoot_messages_dao_test.dart: ... is called, then retrieved messages should be empty   00:06 +39 -2: /Users/phiraphatnoiphu/Documents/OFM-CI/chatwoot-flutter-sdk/test/data/local/dao/non_persisted_chatwoot_messages_dao_test.dart: ... is called, then retrieved messages should be empty   00:06 +40 -2: /Users/phiraphatnoiphu/Documents/OFM-CI/chatwoot-flutter-sdk/test/data/local/dao/non_persisted_chatwoot_messages_dao_test.dart: ... is called, then retrieved messages should be empty   00:06 +40 -2: /Users/phiraphatnoiphu/Documents/OFM-CI/chatwoot-flutter-sdk/test/data/local/dao/non_persisted_chatwoot_messages_dao_test.dart: ... is called, then no message should exist in database  00:06 +41 -2: /Users/phiraphatnoiphu/Documents/OFM-CI/chatwoot-flutter-sdk/test/data/local/dao/non_persisted_chatwoot_messages_dao_test.dart: ... is called, then no message should exist in database  00:06 +41 -2: /Users/phiraphatnoiphu/Documents/OFM-CI/chatwoot-flutter-sdk/test/data/local/dao/non_persisted_chatwoot_messages_dao_test.dart: ... is called, then retrieving messages should be empty  00:06 +42 -2: /Users/phiraphatnoiphu/Documents/OFM-CI/chatwoot-flutter-sdk/test/data/local/dao/non_persisted_chatwoot_messages_dao_test.dart: ... is called, then retrieving messages should be empty  00:06 +42 -2: /Users/phiraphatnoiphu/Documents/OFM-CI/chatwoot-flutter-sdk/test/data/local/dao/non_persisted_chatwoot_messages_dao_test.dart: ... is called, then saved message should be null         00:06 +43 -2: /Users/phiraphatnoiphu/Documents/OFM-CI/chatwoot-flutter-sdk/test/data/local/dao/non_persisted_chatwoot_messages_dao_test.dart: ... is called, then saved message should be null         00:06 +43 -2: /Users/phiraphatnoiphu/Documents/OFM-CI/chatwoot-flutter-sdk/test/data/local/dao/non_persisted_chatwoot_messages_dao_test.dart: Non Persisted Chatwoot Messages Dao Test (tearDownAll)   00:06 +43 -2: loading /Users/phiraphatnoiphu/Documents/OFM-CI/chatwoot-flutter-sdk/test/data/local/dao/persisted_chatwoot_conversation_dao_test.dart                                                   00:06 +43 -2: /Users/phiraphatnoiphu/Documents/OFM-CI/chatwoot-flutter-sdk/test/data/local/dao/persisted_chatwoot_conversation_dao_test.dart: Persisted Chatwoot Conversation Dao Tests (setUpAll)     00:06 +43 -2: /Users/phiraphatnoiphu/Documents/OFM-CI/chatwoot-flutter-sdk/test/data/local/dao/persisted_chatwoot_conversation_dao_test.dart: ... is called, then getConversation should return null   00:06 +44 -2: /Users/phiraphatnoiphu/Documents/OFM-CI/chatwoot-flutter-sdk/test/data/local/dao/persisted_chatwoot_conversation_dao_test.dart: ... is called, then getConversation should return null   00:06 +44 -2: /Users/phiraphatnoiphu/Documents/OFM-CI/chatwoot-flutter-sdk/test/data/local/dao/persisted_chatwoot_conversation_dao_test.dart: ... then getConversation should return saved conversation00:06 +45 -2: /Users/phiraphatnoiphu/Documents/OFM-CI/chatwoot-flutter-sdk/test/data/local/dao/persisted_chatwoot_conversation_dao_test.dart: ... then getConversation should return saved conversation00:06 +45 -2: /Users/phiraphatnoiphu/Documents/OFM-CI/chatwoot-flutter-sdk/test/data/local/dao/persisted_chatwoot_conversation_dao_test.dart: ... then retrieved conversation should not be null       00:06 +46 -2: /Users/phiraphatnoiphu/Documents/OFM-CI/chatwoot-flutter-sdk/test/data/local/dao/persisted_chatwoot_conversation_dao_test.dart: ... then retrieved conversation should not be null       00:06 +46 -2: /Users/phiraphatnoiphu/Documents/OFM-CI/chatwoot-flutter-sdk/test/data/local/dao/persisted_chatwoot_conversation_dao_test.dart: ... called, then retrieving a conversation should be null00:06 +47 -2: /Users/phiraphatnoiphu/Documents/OFM-CI/chatwoot-flutter-sdk/test/data/local/dao/persisted_chatwoot_conversation_dao_test.dart: ... called, then retrieving a conversation should be null00:06 +47 -2: /Users/phiraphatnoiphu/Documents/OFM-CI/chatwoot-flutter-sdk/test/data/local/dao/persisted_chatwoot_conversation_dao_test.dart: Persisted Chatwoot Conversation Dao Tests (tearDownAll)  00:06 +47 -2: /Users/phiraphatnoiphu/Documents/OFM-CI/chatwoot-flutter-sdk/test/data/local/dao/non_persisted_chatwoot_conversation_dao_test.dart: ... Chatwoot Conversation Dao Test (setUpAll)        00:06 +47 -2: /Users/phiraphatnoiphu/Documents/OFM-CI/chatwoot-flutter-sdk/test/data/local/dao/non_persisted_chatwoot_conversation_dao_test.dart: ... called, then getConversation should return null  00:06 +48 -2: /Users/phiraphatnoiphu/Documents/OFM-CI/chatwoot-flutter-sdk/test/data/local/dao/non_persisted_chatwoot_conversation_dao_test.dart: ... called, then getConversation should return null  00:06 +48 -2: /Users/phiraphatnoiphu/Documents/OFM-CI/chatwoot-flutter-sdk/test/data/local/dao/non_persisted_chatwoot_conversation_dao_test.dart: ... getConversation should return saved conversation 00:06 +49 -2: /Users/phiraphatnoiphu/Documents/OFM-CI/chatwoot-flutter-sdk/test/data/local/dao/non_persisted_chatwoot_conversation_dao_test.dart: ... getConversation should return saved conversation 00:06 +49 -2: /Users/phiraphatnoiphu/Documents/OFM-CI/chatwoot-flutter-sdk/test/data/local/dao/non_persisted_chatwoot_conversation_dao_test.dart: ... then retrieved conversation should not be null   00:06 +50 -2: /Users/phiraphatnoiphu/Documents/OFM-CI/chatwoot-flutter-sdk/test/data/local/dao/non_persisted_chatwoot_conversation_dao_test.dart: ... then retrieved conversation should not be null   00:06 +50 -2: /Users/phiraphatnoiphu/Documents/OFM-CI/chatwoot-flutter-sdk/test/data/local/dao/non_persisted_chatwoot_conversation_dao_test.dart: ... then retrieving a conversation should be null    00:06 +51 -2: /Users/phiraphatnoiphu/Documents/OFM-CI/chatwoot-flutter-sdk/test/data/local/dao/non_persisted_chatwoot_conversation_dao_test.dart: ... then retrieving a conversation should be null    00:06 +51 -2: /Users/phiraphatnoiphu/Documents/OFM-CI/chatwoot-flutter-sdk/test/data/local/dao/non_persisted_chatwoot_conversation_dao_test.dart: ... is called, then saved conversation should be null00:06 +52 -2: /Users/phiraphatnoiphu/Documents/OFM-CI/chatwoot-flutter-sdk/test/data/local/dao/non_persisted_chatwoot_conversation_dao_test.dart: ... is called, then saved conversation should be null00:06 +52 -2: /Users/phiraphatnoiphu/Documents/OFM-CI/chatwoot-flutter-sdk/test/data/local/dao/non_persisted_chatwoot_conversation_dao_test.dart: ... Chatwoot Conversation Dao Test (tearDownAll)     00:06 +52 -2: loading /Users/phiraphatnoiphu/Documents/OFM-CI/chatwoot-flutter-sdk/test/data/local/dao/persisted_chatwoot_messages_dao_test.dart                                                       00:06 +52 -2: /Users/phiraphatnoiphu/Documents/OFM-CI/chatwoot-flutter-sdk/test/data/local/dao/persisted_chatwoot_messages_dao_test.dart: Persisted Chatwoot Message Dao Tests (setUpAll)              00:06 +52 -2: /Users/phiraphatnoiphu/Documents/OFM-CI/chatwoot-flutter-sdk/test/data/local/dao/persisted_chatwoot_messages_dao_test.dart: ... is called, then getMessage should return null            00:06 +52 -2: /Users/phiraphatnoiphu/Documents/OFM-CI/chatwoot-flutter-sdk/test/data/local/dao/persisted_chatwoot_messages_dao_test.dart: Persisted Chatwoot Message Dao Tests Given message is successfully deleted when deleteMessage is called, then getMessage should return null
saved
00:06 +53 -2: /Users/phiraphatnoiphu/Documents/OFM-CI/chatwoot-flutter-sdk/test/data/local/dao/persisted_chatwoot_messages_dao_test.dart: ... is called, then getMessage should return null            00:06 +53 -2: /Users/phiraphatnoiphu/Documents/OFM-CI/chatwoot-flutter-sdk/test/data/local/dao/persisted_chatwoot_messages_dao_test.dart: ... is called, then getMessage should return saved message   00:06 +53 -2: /Users/phiraphatnoiphu/Documents/OFM-CI/chatwoot-flutter-sdk/test/data/local/dao/persisted_chatwoot_messages_dao_test.dart: Persisted Chatwoot Message Dao Tests Given message is successfully save when saveMessage is called, then getMessage should return saved message
saved
00:06 +54 -2: /Users/phiraphatnoiphu/Documents/OFM-CI/chatwoot-flutter-sdk/test/data/local/dao/persisted_chatwoot_messages_dao_test.dart: ... is called, then getMessage should return saved message   00:06 +54 -2: /Users/phiraphatnoiphu/Documents/OFM-CI/chatwoot-flutter-sdk/test/data/local/dao/persisted_chatwoot_messages_dao_test.dart: ... is called, then getMessages should return saved messages 00:06 +54 -2: /Users/phiraphatnoiphu/Documents/OFM-CI/chatwoot-flutter-sdk/test/data/local/dao/persisted_chatwoot_messages_dao_test.dart: Persisted Chatwoot Message Dao Tests Given messages are successfully saved when saveMessages is called, then getMessages should return saved messages
saved
00:06 +55 -2: /Users/phiraphatnoiphu/Documents/OFM-CI/chatwoot-flutter-sdk/test/data/local/dao/persisted_chatwoot_messages_dao_test.dart: ... is called, then getMessages should return saved messages 00:06 +55 -2: /Users/phiraphatnoiphu/Documents/OFM-CI/chatwoot-flutter-sdk/test/data/local/dao/persisted_chatwoot_messages_dao_test.dart: ... is called, then retrieved message should not be null     00:07 +55 -2: /Users/phiraphatnoiphu/Documents/OFM-CI/chatwoot-flutter-sdk/test/data/local/dao/persisted_chatwoot_messages_dao_test.dart: ... is called, then retrieved message should not be null     00:07 +55 -2: /Users/phiraphatnoiphu/Documents/OFM-CI/chatwoot-flutter-sdk/test/data/local/dao/persisted_chatwoot_messages_dao_test.dart: Persisted Chatwoot Message Dao Tests Given message is successfully retrieved when getMessage is called, then retrieved message should not be null
saved
00:07 +56 -2: /Users/phiraphatnoiphu/Documents/OFM-CI/chatwoot-flutter-sdk/test/data/local/dao/persisted_chatwoot_messages_dao_test.dart: ... is called, then retrieved message should not be null     00:07 +56 -2: /Users/phiraphatnoiphu/Documents/OFM-CI/chatwoot-flutter-sdk/test/data/local/dao/persisted_chatwoot_messages_dao_test.dart: ... is called, then retrieved messages should not be empty   00:07 +56 -2: /Users/phiraphatnoiphu/Documents/OFM-CI/chatwoot-flutter-sdk/test/data/local/dao/persisted_chatwoot_messages_dao_test.dart: Persisted Chatwoot Message Dao Tests Given messages exist in database when getMessages is called, then retrieved messages should not be empty
saved
00:07 +57 -2: /Users/phiraphatnoiphu/Documents/OFM-CI/chatwoot-flutter-sdk/test/data/local/dao/persisted_chatwoot_messages_dao_test.dart: ... is called, then retrieved messages should not be empty   00:07 +57 -2: /Users/phiraphatnoiphu/Documents/OFM-CI/chatwoot-flutter-sdk/test/data/local/dao/persisted_chatwoot_messages_dao_test.dart: ... is called, then retrieved messages should be empty       00:07 +58 -2: /Users/phiraphatnoiphu/Documents/OFM-CI/chatwoot-flutter-sdk/test/data/local/dao/persisted_chatwoot_messages_dao_test.dart: ... is called, then retrieved messages should be empty       00:07 +58 -2: /Users/phiraphatnoiphu/Documents/OFM-CI/chatwoot-flutter-sdk/test/data/local/dao/persisted_chatwoot_messages_dao_test.dart: ... clear is called, then no message should exist in database00:07 +58 -2: /Users/phiraphatnoiphu/Documents/OFM-CI/chatwoot-flutter-sdk/test/data/local/dao/persisted_chatwoot_messages_dao_test.dart: Persisted Chatwoot Message Dao Tests Given messages are successfully cleared when clear is called, then no message should exist in database
saved
00:07 +59 -2: /Users/phiraphatnoiphu/Documents/OFM-CI/chatwoot-flutter-sdk/test/data/local/dao/persisted_chatwoot_messages_dao_test.dart: ... clear is called, then no message should exist in database00:07 +59 -2: /Users/phiraphatnoiphu/Documents/OFM-CI/chatwoot-flutter-sdk/test/data/local/dao/persisted_chatwoot_messages_dao_test.dart: ... is called, then retrieving messages should be empty      00:07 +59 -2: /Users/phiraphatnoiphu/Documents/OFM-CI/chatwoot-flutter-sdk/test/data/local/dao/persisted_chatwoot_messages_dao_test.dart: Persisted Chatwoot Message Dao Tests Given messages are successfully cleared when clearAll is called, then retrieving messages should be empty
saved
00:07 +60 -2: /Users/phiraphatnoiphu/Documents/OFM-CI/chatwoot-flutter-sdk/test/data/local/dao/persisted_chatwoot_messages_dao_test.dart: ... is called, then retrieving messages should be empty      00:07 +60 -2: /Users/phiraphatnoiphu/Documents/OFM-CI/chatwoot-flutter-sdk/test/data/local/dao/persisted_chatwoot_messages_dao_test.dart: Persisted Chatwoot Message Dao Tests (tearDownAll)           00:07 +60 -2: loading /Users/phiraphatnoiphu/Documents/OFM-CI/chatwoot-flutter-sdk/test/data/chatwoot_repository_test.dart                                                                             00:07 +60 -2: /Users/phiraphatnoiphu/Documents/OFM-CI/chatwoot-flutter-sdk/test/data/chatwoot_repository_test.dart: Chatwoot Repository Tests (setUpAll)                                               00:07 +60 -2: /Users/phiraphatnoiphu/Documents/OFM-CI/chatwoot-flutter-sdk/test/data/chatwoot_repository_test.dart: ... getMessages is called, then callback should be called with fetched messages    00:07 +61 -2: /Users/phiraphatnoiphu/Documents/OFM-CI/chatwoot-flutter-sdk/test/data/chatwoot_repository_test.dart: ... getMessages is called, then callback should be called with fetched messages    00:07 +61 -2: /Users/phiraphatnoiphu/Documents/OFM-CI/chatwoot-flutter-sdk/test/data/chatwoot_repository_test.dart: ... fetch when getMessages is called, then callback should be called with an error 00:07 +62 -2: /Users/phiraphatnoiphu/Documents/OFM-CI/chatwoot-flutter-sdk/test/data/chatwoot_repository_test.dart: ... fetch when getMessages is called, then callback should be called with an error 00:07 +62 -2: /Users/phiraphatnoiphu/Documents/OFM-CI/chatwoot-flutter-sdk/test/data/chatwoot_repository_test.dart: ... is called, then callback should be called with fetched messages                00:07 +63 -2: /Users/phiraphatnoiphu/Documents/OFM-CI/chatwoot-flutter-sdk/test/data/chatwoot_repository_test.dart: ... is called, then callback should be called with fetched messages                00:07 +63 -2: /Users/phiraphatnoiphu/Documents/OFM-CI/chatwoot-flutter-sdk/test/data/chatwoot_repository_test.dart: ... when sendMessage is called, then callback should be called with sent message   00:07 +64 -2: /Users/phiraphatnoiphu/Documents/OFM-CI/chatwoot-flutter-sdk/test/data/chatwoot_repository_test.dart: ... when sendMessage is called, then callback should be called with sent message   00:07 +64 -2: /Users/phiraphatnoiphu/Documents/OFM-CI/chatwoot-flutter-sdk/test/data/chatwoot_repository_test.dart: ... send when sendMessage is called, then callback should be called with an error  00:07 +65 -2: /Users/phiraphatnoiphu/Documents/OFM-CI/chatwoot-flutter-sdk/test/data/chatwoot_repository_test.dart: ... send when sendMessage is called, then callback should be called with an error  00:07 +65 -2: /Users/phiraphatnoiphu/Documents/OFM-CI/chatwoot-flutter-sdk/test/data/chatwoot_repository_test.dart: ... when initialize is called, then client should be properly initialized          00:07 +66 -2: /Users/phiraphatnoiphu/Documents/OFM-CI/chatwoot-flutter-sdk/test/data/chatwoot_repository_test.dart: ... when initialize is called, then client should be properly initialized          00:07 +66 -2: /Users/phiraphatnoiphu/Documents/OFM-CI/chatwoot-flutter-sdk/test/data/chatwoot_repository_test.dart: ... when initialize is called, then client should be properly initialized          00:07 +67 -2: /Users/phiraphatnoiphu/Documents/OFM-CI/chatwoot-flutter-sdk/test/data/chatwoot_repository_test.dart: ... when initialize is called, then client should be properly initialized          00:07 +67 -2: /Users/phiraphatnoiphu/Documents/OFM-CI/chatwoot-flutter-sdk/test/data/chatwoot_repository_test.dart: ... when listening for events, then callback welcome event should be triggered     00:07 +68 -2: /Users/phiraphatnoiphu/Documents/OFM-CI/chatwoot-flutter-sdk/test/data/chatwoot_repository_test.dart: ... when listening for events, then callback welcome event should be triggered     00:07 +69 -2: /Users/phiraphatnoiphu/Documents/OFM-CI/chatwoot-flutter-sdk/test/data/chatwoot_repository_test.dart: ... when listening for events, then callback welcome event should be triggered     00:07 +70 -2: /Users/phiraphatnoiphu/Documents/OFM-CI/chatwoot-flutter-sdk/test/data/chatwoot_repository_test.dart: ... when listening for events, then callback welcome event should be triggered     00:07 +71 -2: /Users/phiraphatnoiphu/Documents/OFM-CI/chatwoot-flutter-sdk/test/data/chatwoot_repository_test.dart: ... when listening for events, then callback welcome event should be triggered     00:07 +72 -2: /Users/phiraphatnoiphu/Documents/OFM-CI/chatwoot-flutter-sdk/test/data/chatwoot_repository_test.dart: ... when listening for events, then callback welcome event should be triggered     00:07 +73 -2: /Users/phiraphatnoiphu/Documents/OFM-CI/chatwoot-flutter-sdk/test/data/chatwoot_repository_test.dart: ... when listening for events, then callback welcome event should be triggered     00:07 +74 -2: /Users/phiraphatnoiphu/Documents/OFM-CI/chatwoot-flutter-sdk/test/data/chatwoot_repository_test.dart: ... when listening for events, then callback welcome event should be triggered     00:07 +75 -2: /Users/phiraphatnoiphu/Documents/OFM-CI/chatwoot-flutter-sdk/test/data/chatwoot_repository_test.dart: ... when listening for events, then callback welcome event should be triggered     00:07 +76 -2: /Users/phiraphatnoiphu/Documents/OFM-CI/chatwoot-flutter-sdk/test/data/chatwoot_repository_test.dart: ... when listening for events, then callback welcome event should be triggered     00:07 +77 -2: /Users/phiraphatnoiphu/Documents/OFM-CI/chatwoot-flutter-sdk/test/data/chatwoot_repository_test.dart: ... when listening for events, then callback welcome event should be triggered     00:07 +78 -2: /Users/phiraphatnoiphu/Documents/OFM-CI/chatwoot-flutter-sdk/test/data/chatwoot_repository_test.dart: ... when listening for events, then callback welcome event should be triggered     00:07 +79 -2: /Users/phiraphatnoiphu/Documents/OFM-CI/chatwoot-flutter-sdk/test/data/chatwoot_repository_test.dart: ... when listening for events, then callback welcome event should be triggered     00:07 +80 -2: /Users/phiraphatnoiphu/Documents/OFM-CI/chatwoot-flutter-sdk/test/data/chatwoot_repository_test.dart: ... when listening for events, then callback welcome event should be triggered     00:07 +81 -2: /Users/phiraphatnoiphu/Documents/OFM-CI/chatwoot-flutter-sdk/test/data/chatwoot_repository_test.dart: ... when listening for events, then callback welcome event should be triggered     00:08 +81 -2: /Users/phiraphatnoiphu/Documents/OFM-CI/chatwoot-flutter-sdk/test/data/chatwoot_repository_test.dart: ... when listening for events, then callback welcome event should be triggered     00:08 +82 -2: /Users/phiraphatnoiphu/Documents/OFM-CI/chatwoot-flutter-sdk/test/data/chatwoot_repository_test.dart: ... when listening for events, then callback welcome event should be triggered     00:08 +83 -2: /Users/phiraphatnoiphu/Documents/OFM-CI/chatwoot-flutter-sdk/test/data/chatwoot_repository_test.dart: ... when listening for events, then callback welcome event should be triggered     00:08 +84 -2: /Users/phiraphatnoiphu/Documents/OFM-CI/chatwoot-flutter-sdk/test/data/chatwoot_repository_test.dart: ... when listening for events, then callback welcome event should be triggered     00:08 +85 -2: /Users/phiraphatnoiphu/Documents/OFM-CI/chatwoot-flutter-sdk/test/data/chatwoot_repository_test.dart: ... when listening for events, then callback welcome event should be triggered     00:08 +86 -2: /Users/phiraphatnoiphu/Documents/OFM-CI/chatwoot-flutter-sdk/test/data/chatwoot_repository_test.dart: ... when listening for events, then callback welcome event should be triggered     00:08 +87 -2: /Users/phiraphatnoiphu/Documents/OFM-CI/chatwoot-flutter-sdk/test/data/chatwoot_repository_test.dart: ... when listening for events, then callback welcome event should be triggered     00:08 +88 -2: /Users/phiraphatnoiphu/Documents/OFM-CI/chatwoot-flutter-sdk/test/data/chatwoot_repository_test.dart: ... when listening for events, then callback welcome event should be triggered     00:08 +89 -2: /Users/phiraphatnoiphu/Documents/OFM-CI/chatwoot-flutter-sdk/test/data/chatwoot_repository_test.dart: ... when listening for events, then callback welcome event should be triggered     00:08 +90 -2: /Users/phiraphatnoiphu/Documents/OFM-CI/chatwoot-flutter-sdk/test/data/chatwoot_repository_test.dart: ... when listening for events, then callback welcome event should be triggered     00:08 +91 -2: /Users/phiraphatnoiphu/Documents/OFM-CI/chatwoot-flutter-sdk/test/data/chatwoot_repository_test.dart: ... when listening for events, then callback welcome event should be triggered     00:08 +92 -2: /Users/phiraphatnoiphu/Documents/OFM-CI/chatwoot-flutter-sdk/test/data/chatwoot_repository_test.dart: ... when listening for events, then callback welcome event should be triggered     00:08 +93 -2: /Users/phiraphatnoiphu/Documents/OFM-CI/chatwoot-flutter-sdk/test/data/chatwoot_repository_test.dart: ... when listening for events, then callback welcome event should be triggered     00:08 +94 -2: /Users/phiraphatnoiphu/Documents/OFM-CI/chatwoot-flutter-sdk/test/data/chatwoot_repository_test.dart: ... when listening for events, then callback welcome event should be triggered     00:08 +95 -2: /Users/phiraphatnoiphu/Documents/OFM-CI/chatwoot-flutter-sdk/test/data/chatwoot_repository_test.dart: ... when listening for events, then callback welcome event should be triggered     00:08 +96 -2: /Users/phiraphatnoiphu/Documents/OFM-CI/chatwoot-flutter-sdk/test/data/chatwoot_repository_test.dart: ... when listening for events, then callback welcome event should be triggered     00:08 +97 -2: /Users/phiraphatnoiphu/Documents/OFM-CI/chatwoot-flutter-sdk/test/data/chatwoot_repository_test.dart: ... when listening for events, then callback welcome event should be triggered     00:08 +98 -2: /Users/phiraphatnoiphu/Documents/OFM-CI/chatwoot-flutter-sdk/test/data/chatwoot_repository_test.dart: ... when listening for events, then callback welcome event should be triggered     00:08 +99 -2: /Users/phiraphatnoiphu/Documents/OFM-CI/chatwoot-flutter-sdk/test/data/chatwoot_repository_test.dart: ... when listening for events, then callback welcome event should be triggered     00:08 +100 -2: /Users/phiraphatnoiphu/Documents/OFM-CI/chatwoot-flutter-sdk/test/data/chatwoot_repository_test.dart: ... when listening for events, then callback welcome event should be triggered    00:08 +101 -2: /Users/phiraphatnoiphu/Documents/OFM-CI/chatwoot-flutter-sdk/test/data/chatwoot_repository_test.dart: ... when listening for events, then callback welcome event should be triggered    00:08 +102 -2: /Users/phiraphatnoiphu/Documents/OFM-CI/chatwoot-flutter-sdk/test/data/chatwoot_repository_test.dart: ... when listening for events, then callback welcome event should be triggered    00:08 +102 -2: /Users/phiraphatnoiphu/Documents/OFM-CI/chatwoot-flutter-sdk/test/data/chatwoot_repository_test.dart: ... when listening for events, then callback onPing event should be triggered     00:09 +102 -2: /Users/phiraphatnoiphu/Documents/OFM-CI/chatwoot-flutter-sdk/test/data/chatwoot_repository_test.dart: ... when listening for events, then callback onPing event should be triggered     00:09 +103 -2: /Users/phiraphatnoiphu/Documents/OFM-CI/chatwoot-flutter-sdk/test/data/chatwoot_repository_test.dart: ... when listening for events, then callback onPing event should be triggered     00:09 +103 -2: /Users/phiraphatnoiphu/Documents/OFM-CI/chatwoot-flutter-sdk/test/data/chatwoot_repository_test.dart: ... for events, then callback onConfirmSubscription event should be triggered     00:10 +103 -2: /Users/phiraphatnoiphu/Documents/OFM-CI/chatwoot-flutter-sdk/test/data/chatwoot_repository_test.dart: ... for events, then callback onConfirmSubscription event should be triggered     00:10 +104 -2: /Users/phiraphatnoiphu/Documents/OFM-CI/chatwoot-flutter-sdk/test/data/chatwoot_repository_test.dart: ... for events, then callback onConfirmSubscription event should be triggered     00:10 +104 -2: /Users/phiraphatnoiphu/Documents/OFM-CI/chatwoot-flutter-sdk/test/data/chatwoot_repository_test.dart: ... events, then callback onConversationStartedTyping event should be triggered   00:11 +104 -2: /Users/phiraphatnoiphu/Documents/OFM-CI/chatwoot-flutter-sdk/test/data/chatwoot_repository_test.dart: ... events, then callback onConversationStartedTyping event should be triggered   00:11 +105 -2: /Users/phiraphatnoiphu/Documents/OFM-CI/chatwoot-flutter-sdk/test/data/chatwoot_repository_test.dart: ... events, then callback onConversationStartedTyping event should be triggered   00:11 +105 -2: /Users/phiraphatnoiphu/Documents/OFM-CI/chatwoot-flutter-sdk/test/data/chatwoot_repository_test.dart: ... for events, then callback onConversationIsOnline event should be triggered    00:12 +105 -2: /Users/phiraphatnoiphu/Documents/OFM-CI/chatwoot-flutter-sdk/test/data/chatwoot_repository_test.dart: ... for events, then callback onConversationIsOnline event should be triggered    00:12 +106 -2: /Users/phiraphatnoiphu/Documents/OFM-CI/chatwoot-flutter-sdk/test/data/chatwoot_repository_test.dart: ... for events, then callback onConversationIsOnline event should be triggered    00:12 +106 -2: /Users/phiraphatnoiphu/Documents/OFM-CI/chatwoot-flutter-sdk/test/data/chatwoot_repository_test.dart: ... for events, then callback onConversationIsOffline event should be triggered   00:13 +106 -2: /Users/phiraphatnoiphu/Documents/OFM-CI/chatwoot-flutter-sdk/test/data/chatwoot_repository_test.dart: ... for events, then callback onConversationIsOffline event should be triggered   00:14 +106 -2: /Users/phiraphatnoiphu/Documents/OFM-CI/chatwoot-flutter-sdk/test/data/chatwoot_repository_test.dart: ... for events, then callback onConversationIsOffline event should be triggered   00:15 +106 -2: /Users/phiraphatnoiphu/Documents/OFM-CI/chatwoot-flutter-sdk/test/data/chatwoot_repository_test.dart: ... for events, then callback onConversationIsOffline event should be triggered   00:16 +106 -2: /Users/phiraphatnoiphu/Documents/OFM-CI/chatwoot-flutter-sdk/test/data/chatwoot_repository_test.dart: ... for events, then callback onConversationIsOffline event should be triggered   00:17 +106 -2: /Users/phiraphatnoiphu/Documents/OFM-CI/chatwoot-flutter-sdk/test/data/chatwoot_repository_test.dart: ... for events, then callback onConversationIsOffline event should be triggered   00:18 +106 -2: /Users/phiraphatnoiphu/Documents/OFM-CI/chatwoot-flutter-sdk/test/data/chatwoot_repository_test.dart: ... for events, then callback onConversationIsOffline event should be triggered   00:19 +106 -2: /Users/phiraphatnoiphu/Documents/OFM-CI/chatwoot-flutter-sdk/test/data/chatwoot_repository_test.dart: ... for events, then callback onConversationIsOffline event should be triggered   00:20 +106 -2: /Users/phiraphatnoiphu/Documents/OFM-CI/chatwoot-flutter-sdk/test/data/chatwoot_repository_test.dart: ... for events, then callback onConversationIsOffline event should be triggered   00:21 +106 -2: /Users/phiraphatnoiphu/Documents/OFM-CI/chatwoot-flutter-sdk/test/data/chatwoot_repository_test.dart: ... for events, then callback onConversationIsOffline event should be triggered   00:22 +106 -2: /Users/phiraphatnoiphu/Documents/OFM-CI/chatwoot-flutter-sdk/test/data/chatwoot_repository_test.dart: ... for events, then callback onConversationIsOffline event should be triggered   00:23 +106 -2: /Users/phiraphatnoiphu/Documents/OFM-CI/chatwoot-flutter-sdk/test/data/chatwoot_repository_test.dart: ... for events, then callback onConversationIsOffline event should be triggered   00:24 +106 -2: /Users/phiraphatnoiphu/Documents/OFM-CI/chatwoot-flutter-sdk/test/data/chatwoot_repository_test.dart: ... for events, then callback onConversationIsOffline event should be triggered   00:25 +106 -2: /Users/phiraphatnoiphu/Documents/OFM-CI/chatwoot-flutter-sdk/test/data/chatwoot_repository_test.dart: ... for events, then callback onConversationIsOffline event should be triggered   00:26 +106 -2: /Users/phiraphatnoiphu/Documents/OFM-CI/chatwoot-flutter-sdk/test/data/chatwoot_repository_test.dart: ... for events, then callback onConversationIsOffline event should be triggered   00:27 +106 -2: /Users/phiraphatnoiphu/Documents/OFM-CI/chatwoot-flutter-sdk/test/data/chatwoot_repository_test.dart: ... for events, then callback onConversationIsOffline event should be triggered   00:28 +106 -2: /Users/phiraphatnoiphu/Documents/OFM-CI/chatwoot-flutter-sdk/test/data/chatwoot_repository_test.dart: ... for events, then callback onConversationIsOffline event should be triggered   00:29 +106 -2: /Users/phiraphatnoiphu/Documents/OFM-CI/chatwoot-flutter-sdk/test/data/chatwoot_repository_test.dart: ... for events, then callback onConversationIsOffline event should be triggered   00:30 +106 -2: /Users/phiraphatnoiphu/Documents/OFM-CI/chatwoot-flutter-sdk/test/data/chatwoot_repository_test.dart: ... for events, then callback onConversationIsOffline event should be triggered   00:31 +106 -2: /Users/phiraphatnoiphu/Documents/OFM-CI/chatwoot-flutter-sdk/test/data/chatwoot_repository_test.dart: ... for events, then callback onConversationIsOffline event should be triggered   00:32 +106 -2: /Users/phiraphatnoiphu/Documents/OFM-CI/chatwoot-flutter-sdk/test/data/chatwoot_repository_test.dart: ... for events, then callback onConversationIsOffline event should be triggered   00:33 +106 -2: /Users/phiraphatnoiphu/Documents/OFM-CI/chatwoot-flutter-sdk/test/data/chatwoot_repository_test.dart: ... for events, then callback onConversationIsOffline event should be triggered   00:34 +106 -2: /Users/phiraphatnoiphu/Documents/OFM-CI/chatwoot-flutter-sdk/test/data/chatwoot_repository_test.dart: ... for events, then callback onConversationIsOffline event should be triggered   00:35 +106 -2: /Users/phiraphatnoiphu/Documents/OFM-CI/chatwoot-flutter-sdk/test/data/chatwoot_repository_test.dart: ... for events, then callback onConversationIsOffline event should be triggered   00:36 +106 -2: /Users/phiraphatnoiphu/Documents/OFM-CI/chatwoot-flutter-sdk/test/data/chatwoot_repository_test.dart: ... for events, then callback onConversationIsOffline event should be triggered   00:37 +106 -2: /Users/phiraphatnoiphu/Documents/OFM-CI/chatwoot-flutter-sdk/test/data/chatwoot_repository_test.dart: ... for events, then callback onConversationIsOffline event should be triggered   00:38 +106 -2: /Users/phiraphatnoiphu/Documents/OFM-CI/chatwoot-flutter-sdk/test/data/chatwoot_repository_test.dart: ... for events, then callback onConversationIsOffline event should be triggered   00:39 +106 -2: /Users/phiraphatnoiphu/Documents/OFM-CI/chatwoot-flutter-sdk/test/data/chatwoot_repository_test.dart: ... for events, then callback onConversationIsOffline event should be triggered   00:40 +106 -2: /Users/phiraphatnoiphu/Documents/OFM-CI/chatwoot-flutter-sdk/test/data/chatwoot_repository_test.dart: ... for events, then callback onConversationIsOffline event should be triggered   00:41 +106 -2: /Users/phiraphatnoiphu/Documents/OFM-CI/chatwoot-flutter-sdk/test/data/chatwoot_repository_test.dart: ... for events, then callback onConversationIsOffline event should be triggered   00:42 +106 -2: /Users/phiraphatnoiphu/Documents/OFM-CI/chatwoot-flutter-sdk/test/data/chatwoot_repository_test.dart: ... for events, then callback onConversationIsOffline event should be triggered   00:43 +106 -2: /Users/phiraphatnoiphu/Documents/OFM-CI/chatwoot-flutter-sdk/test/data/chatwoot_repository_test.dart: ... for events, then callback onConversationIsOffline event should be triggered   00:44 +106 -2: /Users/phiraphatnoiphu/Documents/OFM-CI/chatwoot-flutter-sdk/test/data/chatwoot_repository_test.dart: ... for events, then callback onConversationIsOffline event should be triggered   00:45 +106 -2: /Users/phiraphatnoiphu/Documents/OFM-CI/chatwoot-flutter-sdk/test/data/chatwoot_repository_test.dart: ... for events, then callback onConversationIsOffline event should be triggered   00:46 +106 -2: /Users/phiraphatnoiphu/Documents/OFM-CI/chatwoot-flutter-sdk/test/data/chatwoot_repository_test.dart: ... for events, then callback onConversationIsOffline event should be triggered   00:47 +106 -2: /Users/phiraphatnoiphu/Documents/OFM-CI/chatwoot-flutter-sdk/test/data/chatwoot_repository_test.dart: ... for events, then callback onConversationIsOffline event should be triggered   00:48 +106 -2: /Users/phiraphatnoiphu/Documents/OFM-CI/chatwoot-flutter-sdk/test/data/chatwoot_repository_test.dart: ... for events, then callback onConversationIsOffline event should be triggered   00:49 +106 -2: /Users/phiraphatnoiphu/Documents/OFM-CI/chatwoot-flutter-sdk/test/data/chatwoot_repository_test.dart: ... for events, then callback onConversationIsOffline event should be triggered   00:50 +106 -2: /Users/phiraphatnoiphu/Documents/OFM-CI/chatwoot-flutter-sdk/test/data/chatwoot_repository_test.dart: ... for events, then callback onConversationIsOffline event should be triggered   00:51 +106 -2: /Users/phiraphatnoiphu/Documents/OFM-CI/chatwoot-flutter-sdk/test/data/chatwoot_repository_test.dart: ... for events, then callback onConversationIsOffline event should be triggered   00:52 +106 -2: /Users/phiraphatnoiphu/Documents/OFM-CI/chatwoot-flutter-sdk/test/data/chatwoot_repository_test.dart: ... for events, then callback onConversationIsOffline event should be triggered   00:53 +106 -2: /Users/phiraphatnoiphu/Documents/OFM-CI/chatwoot-flutter-sdk/test/data/chatwoot_repository_test.dart: ... for events, then callback onConversationIsOffline event should be triggered   00:53 +107 -2: /Users/phiraphatnoiphu/Documents/OFM-CI/chatwoot-flutter-sdk/test/data/chatwoot_repository_test.dart: ... for events, then callback onConversationIsOffline event should be triggered   00:53 +107 -2: /Users/phiraphatnoiphu/Documents/OFM-CI/chatwoot-flutter-sdk/test/data/chatwoot_repository_test.dart: ... events, then callback onConversationStoppedTyping event should be triggered   00:54 +107 -2: /Users/phiraphatnoiphu/Documents/OFM-CI/chatwoot-flutter-sdk/test/data/chatwoot_repository_test.dart: ... events, then callback onConversationStoppedTyping event should be triggered   00:54 +108 -2: /Users/phiraphatnoiphu/Documents/OFM-CI/chatwoot-flutter-sdk/test/data/chatwoot_repository_test.dart: ... events, then callback onConversationStoppedTyping event should be triggered   00:54 +108 -2: /Users/phiraphatnoiphu/Documents/OFM-CI/chatwoot-flutter-sdk/test/data/chatwoot_repository_test.dart: ... for events, then callback onConversationResolved event should be triggered    00:55 +108 -2: /Users/phiraphatnoiphu/Documents/OFM-CI/chatwoot-flutter-sdk/test/data/chatwoot_repository_test.dart: ... for events, then callback onConversationResolved event should be triggered    00:55 +109 -2: /Users/phiraphatnoiphu/Documents/OFM-CI/chatwoot-flutter-sdk/test/data/chatwoot_repository_test.dart: ... for events, then callback onConversationResolved event should be triggered    00:55 +109 -2: /Users/phiraphatnoiphu/Documents/OFM-CI/chatwoot-flutter-sdk/test/data/chatwoot_repository_test.dart: ... listening for events, then callback onMessageUpdated event should be triggered00:55 +109 -2: /Users/phiraphatnoiphu/Documents/OFM-CI/chatwoot-flutter-sdk/test/data/chatwoot_repository_test.dart: Chatwoot Repository Tests Given an updated message event is received when listening for events, then callback onMessageUpdated event should be triggered
here comes the updated message: {"identifier":"{\"channel\":\"RoomChannel\",\"pubsub_token\":\"token\",\"account_id\":1,\"user_id\":1}","message":{"event":"message.updated","data":{"id":111,"content_type":"input_email","content_attributes":{"submitted_email":"jane@acme.inc"},"account_id":1,"inbox_id":1,"conversation_id":8,"content":"Get notified by email","message_type":3,"created_at":1627060984,"updated_at":"2021-07-23T17:23:14.000Z","private":false,"status":"sent","source_id":null,"sender_type":null,"sender_id":null,"external_source_ids":{}}}}
00:56 +110 -2: /Users/phiraphatnoiphu/Documents/OFM-CI/chatwoot-flutter-sdk/test/data/chatwoot_repository_test.dart: ... listening for events, then callback onMessageUpdated event should be triggered00:56 +110 -2: /Users/phiraphatnoiphu/Documents/OFM-CI/chatwoot-flutter-sdk/test/data/chatwoot_repository_test.dart: ... listening for events, then callback onMessageSent event should be triggered   00:56 +110 -2: /Users/phiraphatnoiphu/Documents/OFM-CI/chatwoot-flutter-sdk/test/data/chatwoot_repository_test.dart: Chatwoot Repository Tests Given new message event is sent when listening for events, then callback onMessageSent event should be triggered
here comes message: {"type":"message","message":{"event":"message.created","data":{"id":0,"content":"content","echo_id":"echo_id","message_type":0,"content_type":"contentType","content_attributes":"contentAttributes","created_at":"2026-03-27 11:03:02.378556","conversation_id":0,"attachments":[]}}}
00:57 +111 -2: /Users/phiraphatnoiphu/Documents/OFM-CI/chatwoot-flutter-sdk/test/data/chatwoot_repository_test.dart: ... listening for events, then callback onMessageSent event should be triggered   00:57 +111 -2: /Users/phiraphatnoiphu/Documents/OFM-CI/chatwoot-flutter-sdk/test/data/chatwoot_repository_test.dart: ... received when listening for events, then no callback event should be triggered00:57 +111 -2: /Users/phiraphatnoiphu/Documents/OFM-CI/chatwoot-flutter-sdk/test/data/chatwoot_repository_test.dart: Chatwoot Repository Tests Given unknown event is received when listening for events, then no callback event should be triggered
chatwoot unknown event: {"type":"unknown"}
00:58 +112 -2: /Users/phiraphatnoiphu/Documents/OFM-CI/chatwoot-flutter-sdk/test/data/chatwoot_repository_test.dart: ... received when listening for events, then no callback event should be triggered00:58 +112 -2: /Users/phiraphatnoiphu/Documents/OFM-CI/chatwoot-flutter-sdk/test/data/chatwoot_repository_test.dart: ... when sendAction is called, then client service sendAction should be triggered 00:58 +113 -2: /Users/phiraphatnoiphu/Documents/OFM-CI/chatwoot-flutter-sdk/test/data/chatwoot_repository_test.dart: ... when sendAction is called, then client service sendAction should be triggered 00:58 +113 -2: /Users/phiraphatnoiphu/Documents/OFM-CI/chatwoot-flutter-sdk/test/data/chatwoot_repository_test.dart: ... disposed when dispose is called, then localStorage should be disposed         00:58 +114 -2: /Users/phiraphatnoiphu/Documents/OFM-CI/chatwoot-flutter-sdk/test/data/chatwoot_repository_test.dart: ... disposed when dispose is called, then localStorage should be disposed         00:58 +114 -2: /Users/phiraphatnoiphu/Documents/OFM-CI/chatwoot-flutter-sdk/test/data/chatwoot_repository_test.dart: ... successfully cleared when clear is called, then localStorage should be cleared00:58 +115 -2: /Users/phiraphatnoiphu/Documents/OFM-CI/chatwoot-flutter-sdk/test/data/chatwoot_repository_test.dart: ... successfully cleared when clear is called, then localStorage should be cleared00:58 +115 -2: /Users/phiraphatnoiphu/Documents/OFM-CI/chatwoot-flutter-sdk/test/data/chatwoot_repository_test.dart: Chatwoot Repository Tests (tearDownAll)                                           00:58 +115 -2: Some tests failed.                                                                                                                                                                      
